============================= test session starts ==============================
platform linux -- Python 3.14.0, pytest-9.0.1, pluggy-1.6.0
rootdir: /home/hiro/workspace/ci-helper
configfile: pyproject.toml
testpaths: tests
plugins: timeout-2.4.0, cov-7.0.0, xdist-3.8.0, mock-3.15.1, asyncio-1.3.0, anyio-4.11.0
timeout: 300.0s
timeout method: thread
timeout func_only: False
asyncio: mode=Mode.AUTO, debug=False, asyncio_default_fixture_loop_scope=None, asyncio_default_test_loop_scope=function
created: 20/20 workers
20 workers [2135 items]

s....................................................................... [  3%]
........................................................................ [  6%]
........................................................................ [ 10%]
........................................................................ [ 13%]
........................................................................ [ 16%]
........................................................................ [ 20%]
...............................................................F........ [ 23%]
........................................................................ [ 26%]
........................................................................ [ 30%]
........................................................................ [ 33%]
........................................................................ [ 37%]
.F................................................s..................... [ 40%]
........................................................................ [ 43%]
........................................................................ [ 47%]
........................................................................ [ 50%]
........................................................................ [ 53%]
........................................................................ [ 57%]
........................................................................ [ 60%]
........................................................................ [ 64%]
........................................................................ [ 67%]
........................................................................ [ 70%]
........................................................................ [ 74%]
........................................................................ [ 77%]
........................................................................ [ 80%]
........................................................................ [ 84%]
........................................................................ [ 87%]
........................................................................ [ 91%]
....................................s....s.....s..........Unclosed client session
client_session: <aiohttp.client.ClientSession object at 0x71993e18c1a0>
Unclosed client session
client_session: <aiohttp.client.ClientSession object at 0x71993e18d940>
Unclosed client session
client_session: <aiohttp.client.ClientSession object at 0x71993e18f0e0>
Unclosed client session
client_session: <aiohttp.client.ClientSession object at 0x71993de10830>
.............. [ 94%]
.........................F.............................................F [ 97%]
.........................
